{
    "Object": {"Value": 256},
    "Hex": "0104"
}
{
    "Hex": "821a0600",
    "Error": "value 100000 overflows uint16"
}
{
    "Hex": "170000000001",
    "Error": "value will overflow uint16"
}