{
    "Object": {"Value": 100000},
    "Hex": "821a0600"
}
{
    "Hex": "070000000001",
    "Error": "invalid compact32 needs 5 bytes"
}