{
    "Object": {"Value": 0},
    "Hex": "00"
}
{
    "Object": {"Value": 63},
    "Hex": "fc"
}
{
    "Object": {"Value": 64},
    "Hex": "0101"
}
{
    "Object": {"Value": 255},
    "Hex": "fd03"
}
{
    "Hex": "0104",
    "Error": "value 256 overflows uint8"
}
{
    "Hex": "821a0600",
    "Error": "value will overflow uint8"
}